<html>
<body>
<pre>
<h1>µVision Build Log</h1>
<h2>Tool Versions:</h2>
IDE-Version: µVision V5.39.0.0
Copyright (C) 2023 ARM Ltd and ARM Germany GmbH. All rights reserved.
License Information: mbn shbz, bsht, LIC=0VRJ7-EIVDB-TLHCD-8V6ND-4TU5Q-FG30R
 
Tool Versions:
Toolchain:       MDK-ARM Professional  Version: 5.39.0.0
Toolchain Path:  C:\Keil_v5\ARM\ARMCLANG\Bin
C Compiler:      ArmClang.exe V6.21
Assembler:       Armasm.exe V6.21
Linker/Locator:  ArmLink.exe V6.21
Library Manager: ArmAr.exe V6.21
Hex Converter:   FromElf.exe V6.21
CPU DLL:         SARMCM3.DLL V5.39.0.0
Dialog DLL:      DCM.DLL V1.17.5.0
Target DLL:      STLink\ST-LINKIII-KEIL_SWO.dll V3.2.0.0
Dialog DLL:      TCM.DLL V1.56.4.0
 
<h2>Project:</h2>
E:\term6\micro\Lab\9\lab9\LCD-HAL\lcd.uvprojx
Project File Date:  06/03/2024

<h2>Output:</h2>
*** Using Compiler 'V6.21', folder: 'C:\Keil_v5\ARM\ARMCLANG\Bin'
Build target 'Target 1'
main.c(3): warning: In file included from...
./LCD16x2Lib/LCD.h(12): warning: // comments are not allowed in this language [-Wcomment]
   12 | //#include "gpio.h"
      | ^
main.c(7): warning: // comments are not allowed in this language [-Wcomment]
    7 | #define MAX_COUNT 1000  //1000
      |                         ^
main.c(11): warning: no previous extern declaration for non-static variable 'duty_cycle' [-Wmissing-variable-declarations]
   11 | int duty_cycle = 50;
      |     ^
main.c(11): note: declare 'static' if the variable is not intended to be used outside of this translation unit
   11 | int duty_cycle = 50;
      | ^
main.c(12): warning: no previous extern declaration for non-static variable 'time' [-Wmissing-variable-declarations]
   12 | volatile long int time = 0;
      |                   ^
main.c(12): note: declare 'static' if the variable is not intended to be used outside of this translation unit
   12 | volatile long int time = 0;
      |          ^
main.c(13): warning: no previous extern declaration for non-static variable 'mode' [-Wmissing-variable-declarations]
   13 | int mode = 1;
      |     ^
main.c(13): note: declare 'static' if the variable is not intended to be used outside of this translation unit
   13 | int mode = 1;
      | ^
main.c(14): warning: no previous extern declaration for non-static variable 'blink_period' [-Wmissing-variable-declarations]
   14 | int blink_period = 100;
      |     ^
main.c(14): note: declare 'static' if the variable is not intended to be used outside of this translation unit
   14 | int blink_period = 100;
      | ^
main.c(18): warning: a function declaration without a prototype is deprecated in all versions of C [-Wstrict-prototypes]
   18 | void GPIO_init(){
      |               ^
      |                void
main.c(24): warning: implicit conversion changes signedness: 'int' to 'uint32_t' (aka 'unsigned int') [-Wsign-conversion]
   24 |     GPIOC->MODER &= ~(0x3 << (26));       // decrease the frequency push button
      |                  ~~ ^~~~~~~~~~~~~~
main.c(25): warning: implicit conversion changes signedness: 'int' to 'uint32_t' (aka 'unsigned int') [-Wsign-conversion]
   25 |     GPIOC->MODER &= ~(0x3 << (24));       // increase the frequency push button
      |                  ~~ ^~~~~~~~~~~~~~
main.c(26): warning: implicit conversion changes signedness: 'int' to 'uint32_t' (aka 'unsigned int') [-Wsign-conversion]
   26 |                 GPIOC->MODER &= ~(0x3 << 22); 
      |                              ~~ ^~~~~~~~~~~~
main.c(18): warning: no previous prototype for function 'GPIO_init' [-Wmissing-prototypes]
   18 | void GPIO_init(){
      |      ^
main.c(18): note: declare 'static' if the function is not intended to be used outside of this translation unit
   18 | void GPIO_init(){
      | ^
      | static 
main.c(31): warning: no previous prototype for function 'TIM5_IRQHandler' [-Wmissing-prototypes]
   31 |  void TIM5_IRQHandler(void) {
      |       ^
main.c(31): note: declare 'static' if the function is not intended to be used outside of this translation unit
   31 |  void TIM5_IRQHandler(void) {
      |  ^
      |  static 
main.c(36): warning: a function declaration without a prototype is deprecated in all versions of C [-Wstrict-prototypes]
   36 | void right() { // increase
      |           ^
      |            void
main.c(38): warning: implicit conversion changes signedness: 'int' to 'uint32_t' (aka 'unsigned int') [-Wsign-conversion]
   38 |                 TIM2->CCR1 = (TIM2->ARR * duty_cycle) / 100;
      |                                         ~ ^~~~~~~~~~
main.c(36): warning: no previous prototype for function 'right' [-Wmissing-prototypes]
   36 | void right() { // increase
      |      ^
main.c(36): note: declare 'static' if the function is not intended to be used outside of this translation unit
   36 | void right() { // increase
      | ^
      | static 
main.c(41): warning: a function declaration without a prototype is deprecated in all versions of C [-Wstrict-prototypes]
   41 | void left() {  // decrease   
      |          ^
      |           void
main.c(43): warning: implicit conversion changes signedness: 'int' to 'uint32_t' (aka 'unsigned int') [-Wsign-conversion]
   43 |                 TIM2->CCR1 = (TIM2->ARR * duty_cycle) / 100;
      |                                         ~ ^~~~~~~~~~
main.c(41): warning: no previous prototype for function 'left' [-Wmissing-prototypes]
   41 | void left() {  // decrease   
      |      ^
main.c(41): note: declare 'static' if the function is not intended to be used outside of this translation unit
   41 | void left() {  // decrease   
      | ^
      | static 
main.c(46): warning: a function declaration without a prototype is deprecated in all versions of C [-Wstrict-prototypes]
   46 | void up() {
      |        ^
      |         void
main.c(48): warning: implicit conversion changes signedness: 'int' to 'uint32_t' (aka 'unsigned int') [-Wsign-conversion]
   48 |                 TIM2->CCR1 = (TIM2->ARR + STEP) * duty_cycle /100;
      |                                                 ~ ^~~~~~~~~~
main.c(46): warning: no previous prototype for function 'up' [-Wmissing-prototypes]
   46 | void up() {
      |      ^
main.c(46): note: declare 'static' if the function is not intended to be used outside of this translation unit
   46 | void up() {
      | ^
      | static 
main.c(51): warning: a function declaration without a prototype is deprecated in all versions of C [-Wstrict-prototypes]
   51 | void down() {
      |          ^
      |           void
main.c(53): warning: implicit conversion changes signedness: 'int' to 'uint32_t' (aka 'unsigned int') [-Wsign-conversion]
   53 |                 TIM2->CCR1 = (TIM2->ARR - STEP) * duty_cycle /100;
      |                                                 ~ ^~~~~~~~~~
main.c(51): warning: no previous prototype for function 'down' [-Wmissing-prototypes]
   51 | void down() {
      |      ^
main.c(51): note: declare 'static' if the function is not intended to be used outside of this translation unit
   51 | void down() {
      | ^
      | static 
main.c(65): warning: implicit conversion changes signedness: 'int' to 'uint32_t' (aka 'unsigned int') [-Wsign-conversion]
   65 |         TIM2->CCMR1 &= ~(3<<0);
      |                     ~~ ^~~~~~~
main.c(66): warning: implicit conversion changes signedness: 'int' to 'uint32_t' (aka 'unsigned int') [-Wsign-conversion]
   66 |         TIM2->CCMR1 &= ~(7<<4);
      |                     ~~ ^~~~~~~
main.c(78): warning: implicit conversion changes signedness: 'int' to 'uint32_t' (aka 'unsigned int') [-Wsign-conversion]
   78 |         TIM5->CCMR1 &= ~(3<<0);
      |                     ~~ ^~~~~~~
main.c(79): warning: implicit conversion changes signedness: 'int' to 'uint32_t' (aka 'unsigned int') [-Wsign-conversion]
   79 |         TIM5->CCMR1 &= ~(7<<4);
      |                     ~~ ^~~~~~~
main.c(129): warning: 'return' will never be executed [-Wunreachable-code-return]
  129 |         return 0;
      |                ^
main.c(135): warning: no previous prototype for function 'SysTick_Handler' [-Wmissing-prototypes]
  135 | void SysTick_Handler(void)
      |      ^
main.c(135): note: declare 'static' if the function is not intended to be used outside of this translation unit
  135 | void SysTick_Handler(void)
      | ^
      | static 
main.c(10): warning: no previous extern declaration for non-static variable 'str' [-Wmissing-variable-declarations]
   10 | char str[20];
      |      ^
main.c(10): note: declare 'static' if the variable is not intended to be used outside of this translation unit
   10 | char str[20];
      | ^
31 warnings generated.
compiling main.c...
linking...
Program Size: Code=10468 RO-data=1040 RW-data=24 ZI-data=1672  
FromELF: creating hex file...
".\Objects\lcd.axf" - 0 Error(s), 31 Warning(s).

<h2>Software Packages used:</h2>

Package Vendor: ARM
                http://www.keil.com/pack/ARM.CMSIS.5.9.0.pack
                ARM::CMSIS@5.9.0
                CMSIS (Common Microcontroller Software Interface Standard)
   * Component: CORE Version: 5.6.0

Package Vendor: Keil
                https://www.keil.com/pack/Keil.STM32F4xx_DFP.2.17.1.pack
                Keil::STM32F4xx_DFP@2.17.1
                STMicroelectronics STM32F4 Series Device Support, Drivers and Examples
   * Component: STM32Cube Framework Version: 1.0.0
   * Component: Classic Version: 1.8.1
   * Component: Common Version: 1.8.1
   * Component: Cortex Version: 1.8.1
   * Component: GPIO Version: 1.8.1
   * Component: PWR Version: 1.8.1
   * Component: RCC Version: 1.8.1
   * Component: Startup Version: 2.6.3

<h2>Collection of Component include folders:</h2>
  ./RTE/Device/STM32F401RETx
  ./RTE/_Target_1
  C:/Users/Shahbazi/AppData/Local/Arm/Packs/ARM/CMSIS/5.9.0/CMSIS/Core/Include
  C:/Users/Shahbazi/AppData/Local/Arm/Packs/Keil/STM32F4xx_DFP/2.17.1/Drivers/CMSIS/Device/ST/STM32F4xx/Include
  C:/Users/Shahbazi/AppData/Local/Arm/Packs/Keil/STM32F4xx_DFP/2.17.1/Drivers/STM32F4xx_HAL_Driver/Inc

<h2>Collection of Component Files used:</h2>

   * Component: ::Device:STM32Cube Framework(API)@1.0.0

   * Component: ARM::CMSIS:CORE@5.6.0

   * Component: Keil::Device:STM32Cube Framework:Classic@1.8.1
      Include file:  MDK/Templates/Inc/stm32f4xx_it.h
      Source file:   MDK/Templates/Src/main.c
      Source file:   MDK/Templates_LL/Src/main.c
      Include file:  CMSIS/Driver/Config/RTE_Device.h
      Source file:   MDK/Templates/Src/stm32f4xx_it.c
      Include file:  MDK/Templates/Inc/main.h
      Include file:  MDK/Templates/Inc/stm32f4xx_hal_conf.h
      Source file:   MDK/Templates/Src/stm32f4xx_hal_msp.c
      Include file:  MDK/Templates_LL/Inc/main.h

   * Component: Keil::Device:STM32Cube HAL:Common@1.8.1
      Include file:  Drivers/STM32F4xx_HAL_Driver/Inc/stm32f4xx_hal.h
      Source file:   Drivers/STM32F4xx_HAL_Driver/Src/stm32f4xx_hal.c

   * Component: Keil::Device:STM32Cube HAL:Cortex@1.8.1
      Source file:   Drivers/STM32F4xx_HAL_Driver/Src/stm32f4xx_hal_cortex.c

   * Component: Keil::Device:STM32Cube HAL:GPIO@1.8.1
      Source file:   Drivers/STM32F4xx_HAL_Driver/Src/stm32f4xx_hal_gpio.c

   * Component: Keil::Device:STM32Cube HAL:PWR@1.8.1
      Source file:   Drivers/STM32F4xx_HAL_Driver/Src/stm32f4xx_hal_pwr.c
      Source file:   Drivers/STM32F4xx_HAL_Driver/Src/stm32f4xx_hal_pwr_ex.c

   * Component: Keil::Device:STM32Cube HAL:RCC@1.8.1
      Source file:   Drivers/STM32F4xx_HAL_Driver/Src/stm32f4xx_hal_rcc.c
      Source file:   Drivers/STM32F4xx_HAL_Driver/Src/stm32f4xx_hal_rcc_ex.c

   * Component: Keil::Device:Startup@2.6.3
      Source file:   MDK/Device/Source/ARM/STM32F401xx_OPT.s
      Source file:   MDK/Device/Source/ARM/STM32F4xx_OTP.s
      Include file:  Drivers/CMSIS/Device/ST/STM32F4xx/Include/stm32f4xx.h
      Source file:   Drivers/CMSIS/Device/ST/STM32F4xx/Source/Templates/arm/startup_stm32f401xe.s
      Source file:   Drivers/CMSIS/Device/ST/STM32F4xx/Source/Templates/system_stm32f4xx.c
Build Time Elapsed:  00:00:01
</pre>
</body>
</html>
