<html>
<body>
<pre>
<h1>µVision Build Log</h1>
<h2>Tool Versions:</h2>
IDE-Version: µVision V5.39.0.0
Copyright (C) 2023 ARM Ltd and ARM Germany GmbH. All rights reserved.
License Information: mbn shbz, bsht, LIC=0VRJ7-EIVDB-TLHCD-8V6ND-4TU5Q-FG30R
 
Tool Versions:
Toolchain:       MDK-ARM Professional  Version: 5.39.0.0
Toolchain Path:  C:\Keil_v5\ARM\ARMCLANG\Bin
C Compiler:      ArmClang.exe V6.21
Assembler:       Armasm.exe V6.21
Linker/Locator:  ArmLink.exe V6.21
Library Manager: ArmAr.exe V6.21
Hex Converter:   FromElf.exe V6.21
CPU DLL:         SARMCM3.DLL V5.39.0.0
Dialog DLL:      DCM.DLL V1.17.5.0
Target DLL:      UL2CM3.DLL V1.164.9.0
Dialog DLL:      TCM.DLL V1.56.4.0
 
<h2>Project:</h2>
E:\term6\micro\Lab\7\bonus\bonus.uvprojx
Project File Date:  05/17/2024

<h2>Output:</h2>
*** Using Compiler 'V6.21', folder: 'C:\Keil_v5\ARM\ARMCLANG\Bin'
Build target 'Target 1'
bonus.c(16): warning: a function declaration without a prototype is deprecated in all versions of C [-Wstrict-prototypes]
   16 | void gpio_init(){
      |               ^
      |                void
bonus.c(16): warning: no previous prototype for function 'gpio_init' [-Wmissing-prototypes]
   16 | void gpio_init(){
      |      ^
bonus.c(16): note: declare 'static' if the function is not intended to be used outside of this translation unit
   16 | void gpio_init(){
      | ^
      | static 
bonus.c(40): warning: a function declaration without a prototype is deprecated in all versions of C [-Wstrict-prototypes]
   40 | int main(){
      |         ^
      |          void
bonus.c(45): warning: mixing declarations and code is incompatible with standards before C99 [-Wdeclaration-after-statement]
   45 |         int num = 0 ;         // variable to keep the number
      |             ^
bonus.c(143): warning: a function declaration without a prototype is deprecated in all versions of C [-Wstrict-prototypes]
  143 | void lcd_init(){
      |              ^
      |               void
bonus.c(152): warning: implicit conversion changes signedness: 'int' to 'uint32_t' (aka 'unsigned int') [-Wsign-conversion]
  152 |         GPIOC->ODR &= ~(RS|RW);
      |                    ~~ ^~~~~~~~
bonus.c(154): warning: implicit conversion changes signedness: 'int' to 'uint32_t' (aka 'unsigned int') [-Wsign-conversion]
  154 |         GPIOC->ODR |= (command << 3);
      |                    ~~  ~~~~~~~~^~~~
bonus.c(157): warning: implicit conversion changes signedness: 'int' to 'uint32_t' (aka 'unsigned int') [-Wsign-conversion]
  157 |         GPIOC->ODR &= ~EN;
      |                    ~~ ^~~
bonus.c(163): warning: implicit conversion changes signedness: 'int' to 'uint32_t' (aka 'unsigned int') [-Wsign-conversion]
  163 |         GPIOC->ODR &= ~(RW);
      |                    ~~ ^~~~~
bonus.c(165): warning: implicit conversion changes signedness: 'int' to 'uint32_t' (aka 'unsigned int') [-Wsign-conversion]
  165 |         GPIOC->ODR |= value << 3;
      |                    ~~ ~~~~~~^~~~
bonus.c(168): warning: implicit conversion changes signedness: 'int' to 'uint32_t' (aka 'unsigned int') [-Wsign-conversion]
  168 |         GPIOC->ODR &= ~EN;
      |                    ~~ ^~~
11 warnings generated.
compiling bonus.c...
linking...
Program Size: Code=1680 RO-data=420 RW-data=0 ZI-data=1632  
FromELF: creating hex file...
".\Objects\bonus.axf" - 0 Error(s), 11 Warning(s).

<h2>Software Packages used:</h2>

Package Vendor: ARM
                http://www.keil.com/pack/ARM.CMSIS.5.9.0.pack
                ARM::CMSIS@5.9.0
                CMSIS (Common Microcontroller Software Interface Standard)
   * Component: CORE Version: 5.6.0

Package Vendor: Keil
                https://www.keil.com/pack/Keil.STM32F4xx_DFP.2.17.1.pack
                Keil::STM32F4xx_DFP@2.17.1
                STMicroelectronics STM32F4 Series Device Support, Drivers and Examples
   * Component: Startup Version: 2.6.3

<h2>Collection of Component include folders:</h2>
  ./RTE/_Target_1
  C:/Users/Shahbazi/AppData/Local/Arm/Packs/ARM/CMSIS/5.9.0/CMSIS/Core/Include
  C:/Users/Shahbazi/AppData/Local/Arm/Packs/Keil/STM32F4xx_DFP/2.17.1/Drivers/CMSIS/Device/ST/STM32F4xx/Include

<h2>Collection of Component Files used:</h2>

   * Component: ARM::CMSIS:CORE@5.6.0

   * Component: Keil::Device:Startup@2.6.3
      Source file:   MDK/Device/Source/ARM/STM32F4xx_OTP.s
      Include file:  Drivers/CMSIS/Device/ST/STM32F4xx/Include/stm32f4xx.h
      Source file:   Drivers/CMSIS/Device/ST/STM32F4xx/Source/Templates/arm/startup_stm32f401xe.s
      Source file:   MDK/Device/Source/ARM/STM32F401xx_OPT.s
      Source file:   Drivers/CMSIS/Device/ST/STM32F4xx/Source/Templates/system_stm32f4xx.c
Build Time Elapsed:  00:00:00
</pre>
</body>
</html>
