<html>
<body>
<pre>
<h1>µVision Build Log</h1>
<h2>Tool Versions:</h2>
IDE-Version: µVision V5.39.0.0
Copyright (C) 2023 ARM Ltd and ARM Germany GmbH. All rights reserved.
License Information: mbn shbz, bsht, LIC=0VRJ7-EIVDB-TLHCD-8V6ND-4TU5Q-FG30R
 
Tool Versions:
Toolchain:       MDK-ARM Professional  Version: 5.39.0.0
Toolchain Path:  C:\Keil_v5\ARM\ARMCLANG\Bin
C Compiler:      ArmClang.exe V6.21
Assembler:       Armasm.exe V6.21
Linker/Locator:  ArmLink.exe V6.21
Library Manager: ArmAr.exe V6.21
Hex Converter:   FromElf.exe V6.21
CPU DLL:         SARMCM3.DLL V5.39.0.0
Dialog DLL:      DCM.DLL V1.17.5.0
Target DLL:      STLink\ST-LINKIII-KEIL_SWO.dll V3.2.0.0
Dialog DLL:      TCM.DLL V1.56.4.0
 
<h2>Project:</h2>
E:\term6\micro\Lab\8\lab8\LCD-HAL\lcd.uvprojx
Project File Date:  05/21/2024

<h2>Output:</h2>
*** Using Compiler 'V6.21', folder: 'C:\Keil_v5\ARM\ARMCLANG\Bin'
Build target 'Target 1'
main.c(3): warning: In file included from...
./LCD16x2Lib/LCD.h(12): warning: // comments are not allowed in this language [-Wcomment]
   12 | //#include "gpio.h"
      | ^
main.c(7): warning: a function declaration without a prototype is deprecated in all versions of C [-Wstrict-prototypes]
    7 | void msg_show();
      |              ^
      |               void
main.c(8): warning: a function declaration without a prototype is deprecated in all versions of C [-Wstrict-prototypes]
    8 | void sysclk_show();
      |                 ^
      |                  void
main.c(11): warning: no previous extern declaration for non-static variable 'msg' [-Wmissing-variable-declarations]
   11 | char msg[] = "abcdefghijklmnopqrstuwxyz";
      |      ^
main.c(11): note: declare 'static' if the variable is not intended to be used outside of this translation unit
   11 | char msg[] = "abcdefghijklmnopqrstuwxyz";
      | ^
main.c(13): warning: a function declaration without a prototype is deprecated in all versions of C [-Wstrict-prototypes]
   13 | void GPIO_init(){
      |               ^
      |                void
main.c(13): warning: no previous prototype for function 'GPIO_init' [-Wmissing-prototypes]
   13 | void GPIO_init(){
      |      ^
main.c(13): note: declare 'static' if the function is not intended to be used outside of this translation unit
   13 | void GPIO_init(){
      | ^
      | static 
main.c(23): warning: a function declaration without a prototype is deprecated in all versions of C [-Wstrict-prototypes]
   23 | void EXTI15_10_IRQHandler() { 
      |                          ^
      |                           void
main.c(25): warning: // comments are not allowed in this language [-Wcomment]
   25 |                 //SystemCoreClock += 100;
      |                 ^
main.c(23): warning: no previous prototype for function 'EXTI15_10_IRQHandler' [-Wmissing-prototypes]
   23 | void EXTI15_10_IRQHandler() { 
      |      ^
main.c(23): note: declare 'static' if the function is not intended to be used outside of this translation unit
   23 | void EXTI15_10_IRQHandler() { 
      | ^
      | static 
main.c(31): warning: a function declaration without a prototype is deprecated in all versions of C [-Wstrict-prototypes]
   31 | void EXTI9_5_IRQHandler() { 
      |                        ^
      |                         void
main.c(31): warning: no previous prototype for function 'EXTI9_5_IRQHandler' [-Wmissing-prototypes]
   31 | void EXTI9_5_IRQHandler() { 
      |      ^
main.c(31): note: declare 'static' if the function is not intended to be used outside of this translation unit
   31 | void EXTI9_5_IRQHandler() { 
      | ^
      | static 
main.c(70): warning: 'return' will never be executed [-Wunreachable-code-return]
   70 |         return 0;
      |                ^
main.c(72): warning: a function declaration without a prototype is deprecated in all versions of C [-Wstrict-prototypes]
   72 | void msg_show(){
      |              ^
      |               void
main.c(75): warning: implicit conversion changes signedness: 'unsigned int' to 'int' [-Wsign-conversion]
   75 |                         min = strlen(msg);
      |                             ~ ^~~~~~~~~~~
main.c(87): warning: variable declaration in for loop is a C99-specific feature [-Wc99-extensions]
   87 |                         for(int i=0; i<= strlen(msg)-16; i++){
      |                             ^
main.c(87): warning: GCC does not allow variable declarations in for loop initializers before C99 [-Wgcc-compat]
main.c(80): warning: mixing declarations and code is a C99 extension [-Wdeclaration-after-statement]
   80 |         char str_to_show[17];
      |              ^
main.c(73): warning: variable 'min' set but not used [-Wunused-but-set-variable]
   73 |         int min;
      |             ^
main.c(72): warning: no previous prototype for function 'msg_show' [-Wmissing-prototypes]
   72 | void msg_show(){
      |      ^
main.c(7): note: this declaration is not a prototype; add 'void' to make it a prototype for a zero-parameter function
    7 | void msg_show();
      |      ^        
      |               void
main.c(87): warning: comparison of integers of different signs: 'int' and 'unsigned int' [-Wsign-compare]
   87 |                         for(int i=0; i<= strlen(msg)-16; i++){
      |                                      ~^  ~~~~~~~~~~~~~~
main.c(98): warning: a function declaration without a prototype is deprecated in all versions of C [-Wstrict-prototypes]
   98 | void sysclk_show(){
      |                 ^
      |                  void
main.c(100): warning: mixing declarations and code is a C99 extension [-Wdeclaration-after-statement]
  100 |         unsigned int copy = SystemCoreClock;
      |                      ^
main.c(98): warning: no previous prototype for function 'sysclk_show' [-Wmissing-prototypes]
   98 | void sysclk_show(){
      |      ^
main.c(8): note: this declaration is not a prototype; add 'void' to make it a prototype for a zero-parameter function
    8 | void sysclk_show();
      |      ^           
      |                  void
main.c(51): warning: unsafe buffer access [-Wunsafe-buffer-usage]
   51 |           SYSCFG->EXTICR[3] |= (2 << 4);      // EXTI13: PC13
      |           ^~~~~~~~~~~~~~
C:/Users/Shahbazi/AppData/Local/Arm/Packs/Keil/STM32F4xx_DFP/2.17.1/Drivers/CMSIS/Device/ST/STM32F4xx/Include/stm32f401xe.h(774): note: expanded from macro 'SYSCFG'
  774 | #define SYSCFG              ((SYSCFG_TypeDef *) SYSCFG_BASE)
      |                             ^
main.c(56): warning: unsafe buffer access [-Wunsafe-buffer-usage]
   56 |                 SYSCFG->EXTICR[2] |= (2 << 0);      // EXTI13: PC13
      |                 ^~~~~~~~~~~~~~
C:/Users/Shahbazi/AppData/Local/Arm/Packs/Keil/STM32F4xx_DFP/2.17.1/Drivers/CMSIS/Device/ST/STM32F4xx/Include/stm32f401xe.h(774): note: expanded from macro 'SYSCFG'
  774 | #define SYSCFG              ((SYSCFG_TypeDef *) SYSCFG_BASE)
      |                             ^
main.c(88): warning: unsafe pointer arithmetic [-Wunsafe-buffer-usage]
   88 |                                         strncpy(str_to_show, msg+base, 16);
      |                                                              ^~~
main.c(89): warning: unsafe buffer access [-Wunsafe-buffer-usage]
   89 |                                         str_to_show[16] = '\0';
      |                                         ^~~~~~~~~~~
27 warnings generated.
compiling main.c...
linking...
Program Size: Code=10884 RO-data=1008 RW-data=36 ZI-data=1652  
FromELF: creating hex file...
".\Objects\lcd.axf" - 0 Error(s), 27 Warning(s).

<h2>Software Packages used:</h2>

Package Vendor: ARM
                http://www.keil.com/pack/ARM.CMSIS.5.9.0.pack
                ARM::CMSIS@5.9.0
                CMSIS (Common Microcontroller Software Interface Standard)
   * Component: CORE Version: 5.6.0

Package Vendor: Keil
                https://www.keil.com/pack/Keil.STM32F4xx_DFP.2.17.1.pack
                Keil::STM32F4xx_DFP@2.17.1
                STMicroelectronics STM32F4 Series Device Support, Drivers and Examples
   * Component: STM32Cube Framework Version: 1.0.0
   * Component: Classic Version: 1.8.1
   * Component: Common Version: 1.8.1
   * Component: Cortex Version: 1.8.1
   * Component: GPIO Version: 1.8.1
   * Component: PWR Version: 1.8.1
   * Component: RCC Version: 1.8.1
   * Component: Startup Version: 2.6.3

<h2>Collection of Component include folders:</h2>
  ./RTE/Device/STM32F401RETx
  ./RTE/_Target_1
  C:/Users/Shahbazi/AppData/Local/Arm/Packs/ARM/CMSIS/5.9.0/CMSIS/Core/Include
  C:/Users/Shahbazi/AppData/Local/Arm/Packs/Keil/STM32F4xx_DFP/2.17.1/Drivers/CMSIS/Device/ST/STM32F4xx/Include
  C:/Users/Shahbazi/AppData/Local/Arm/Packs/Keil/STM32F4xx_DFP/2.17.1/Drivers/STM32F4xx_HAL_Driver/Inc

<h2>Collection of Component Files used:</h2>

   * Component: ::Device:STM32Cube Framework(API)@1.0.0

   * Component: ARM::CMSIS:CORE@5.6.0

   * Component: Keil::Device:STM32Cube Framework:Classic@1.8.1
      Include file:  MDK/Templates/Inc/stm32f4xx_hal_conf.h
      Include file:  CMSIS/Driver/Config/RTE_Device.h
      Include file:  MDK/Templates/Inc/stm32f4xx_it.h
      Source file:   MDK/Templates/Src/stm32f4xx_hal_msp.c
      Include file:  MDK/Templates/Inc/main.h
      Source file:   MDK/Templates_LL/Src/main.c
      Source file:   MDK/Templates/Src/stm32f4xx_it.c
      Include file:  MDK/Templates_LL/Inc/main.h
      Source file:   MDK/Templates/Src/main.c

   * Component: Keil::Device:STM32Cube HAL:Common@1.8.1
      Include file:  Drivers/STM32F4xx_HAL_Driver/Inc/stm32f4xx_hal.h
      Source file:   Drivers/STM32F4xx_HAL_Driver/Src/stm32f4xx_hal.c

   * Component: Keil::Device:STM32Cube HAL:Cortex@1.8.1
      Source file:   Drivers/STM32F4xx_HAL_Driver/Src/stm32f4xx_hal_cortex.c

   * Component: Keil::Device:STM32Cube HAL:GPIO@1.8.1
      Source file:   Drivers/STM32F4xx_HAL_Driver/Src/stm32f4xx_hal_gpio.c

   * Component: Keil::Device:STM32Cube HAL:PWR@1.8.1
      Source file:   Drivers/STM32F4xx_HAL_Driver/Src/stm32f4xx_hal_pwr_ex.c
      Source file:   Drivers/STM32F4xx_HAL_Driver/Src/stm32f4xx_hal_pwr.c

   * Component: Keil::Device:STM32Cube HAL:RCC@1.8.1
      Source file:   Drivers/STM32F4xx_HAL_Driver/Src/stm32f4xx_hal_rcc.c
      Source file:   Drivers/STM32F4xx_HAL_Driver/Src/stm32f4xx_hal_rcc_ex.c

   * Component: Keil::Device:Startup@2.6.3
      Source file:   MDK/Device/Source/ARM/STM32F401xx_OPT.s
      Source file:   MDK/Device/Source/ARM/STM32F4xx_OTP.s
      Include file:  Drivers/CMSIS/Device/ST/STM32F4xx/Include/stm32f4xx.h
      Source file:   Drivers/CMSIS/Device/ST/STM32F4xx/Source/Templates/arm/startup_stm32f401xe.s
      Source file:   Drivers/CMSIS/Device/ST/STM32F4xx/Source/Templates/system_stm32f4xx.c
Build Time Elapsed:  00:00:00
</pre>
</body>
</html>
